
F:\repos\CSharp\PiDesktop_054\pi-network-desktop\resources\app.asar-repack\PiNodeMonitorWinForm\Form1.cs(895,34): warning CS8632: nullable 李몄“ ?뺤떇?????二쇱꽍? 肄붾뱶?먯꽌 '#nullable' 二쇱꽍 而⑦뀓?ㅽ듃 ?댁뿉留??ъ슜?섏뼱???⑸땲?? [F:\repos\CSharp\PiDesktop_054\pi-network-desktop\resources\app.asar-repack\PiNodeMonitorWinForm\PiNodeMonitorWinForm.csproj]
F:\repos\CSharp\PiDesktop_054\pi-network-desktop\resources\app.asar-repack\PiNodeMonitorWinForm\RemoteViewForm.cs(67,13): warning CS4014: ???몄텧???湲곕릺吏 ?딆쑝誘濡??몄텧???꾨즺?섍린 ?꾩뿉 ?꾩옱 硫붿꽌?쒓? 怨꾩냽 ?ㅽ뻾?⑸땲?? ?몄텧 寃곌낵??'await' ?곗궛?먮? ?곸슜??蹂댁꽭?? [F:\repos\CSharp\PiDesktop_054\pi-network-desktop\resources\app.asar-repack\PiNodeMonitorWinForm\PiNodeMonitorWinForm.csproj]
F:\repos\CSharp\PiDesktop_054\pi-network-desktop\resources\app.asar-repack\PiNodeMonitorWinForm\Program.cs(19,36): error CS0117: 'NodeUtility'?먮뒗 'IsWindowsFeatureEnabledAsync'??????뺤쓽媛 ?ы븿?섏뼱 ?덉? ?딆뒿?덈떎. [F:\repos\CSharp\PiDesktop_054\pi-network-desktop\resources\app.asar-repack\PiNodeMonitorWinForm\PiNodeMonitorWinForm.csproj]
F:\repos\CSharp\PiDesktop_054\pi-network-desktop\resources\app.asar-repack\PiNodeMonitorWinForm\Program.cs(20,36): error CS0117: 'NodeUtility'?먮뒗 'IsWindowsFeatureEnabledAsync'??????뺤쓽媛 ?ы븿?섏뼱 ?덉? ?딆뒿?덈떎. [F:\repos\CSharp\PiDesktop_054\pi-network-desktop\resources\app.asar-repack\PiNodeMonitorWinForm\PiNodeMonitorWinForm.csproj]
F:\repos\CSharp\PiDesktop_054\pi-network-desktop\resources\app.asar-repack\PiNodeMonitorWinForm\SetupWizardForm.cs(141,50): error CS0117: 'NodeUtility'?먮뒗 'IsWindowsFeatureEnabledAsync'??????뺤쓽媛 ?ы븿?섏뼱 ?덉? ?딆뒿?덈떎. [F:\repos\CSharp\PiDesktop_054\pi-network-desktop\resources\app.asar-repack\PiNodeMonitorWinForm\PiNodeMonitorWinForm.csproj]
F:\repos\CSharp\PiDesktop_054\pi-network-desktop\resources\app.asar-repack\PiNodeMonitorWinForm\SetupWizardForm.cs(142,50): error CS0117: 'NodeUtility'?먮뒗 'IsWindowsFeatureEnabledAsync'??????뺤쓽媛 ?ы븿?섏뼱 ?덉? ?딆뒿?덈떎. [F:\repos\CSharp\PiDesktop_054\pi-network-desktop\resources\app.asar-repack\PiNodeMonitorWinForm\PiNodeMonitorWinForm.csproj]
F:\repos\CSharp\PiDesktop_054\pi-network-desktop\resources\app.asar-repack\PiNodeMonitorWinForm\SetupWizardForm.cs(242,46): error CS0117: 'NodeUtility'?먮뒗 'IsWindowsFeatureEnabledAsync'??????뺤쓽媛 ?ы븿?섏뼱 ?덉? ?딆뒿?덈떎. [F:\repos\CSharp\PiDesktop_054\pi-network-desktop\resources\app.asar-repack\PiNodeMonitorWinForm\PiNodeMonitorWinForm.csproj]
F:\repos\CSharp\PiDesktop_054\pi-network-desktop\resources\app.asar-repack\PiNodeMonitorWinForm\SetupWizardForm.cs(243,46): error CS0117: 'NodeUtility'?먮뒗 'IsWindowsFeatureEnabledAsync'??????뺤쓽媛 ?ы븿?섏뼱 ?덉? ?딆뒿?덈떎. [F:\repos\CSharp\PiDesktop_054\pi-network-desktop\resources\app.asar-repack\PiNodeMonitorWinForm\PiNodeMonitorWinForm.csproj]
F:\repos\CSharp\PiDesktop_054\pi-network-desktop\resources\app.asar-repack\PiNodeMonitorWinForm\Form1.cs(395,17): warning CS4014: ???몄텧???湲곕릺吏 ?딆쑝誘濡??몄텧???꾨즺?섍린 ?꾩뿉 ?꾩옱 硫붿꽌?쒓? 怨꾩냽 ?ㅽ뻾?⑸땲?? ?몄텧 寃곌낵??'await' ?곗궛?먮? ?곸슜??蹂댁꽭?? [F:\repos\CSharp\PiDesktop_054\pi-network-desktop\resources\app.asar-repack\PiNodeMonitorWinForm\PiNodeMonitorWinForm.csproj]
