
F:\repos\CSharp\PiDesktop_054\pi-network-desktop\resources\app.asar-repack\PiNodeMonitorWinForm\Form1.cs(925,34): warning CS8632: nullable 참조 형식에 대한 주석은 코드에서 '#nullable' 주석 컨텍스트 내에만 사용되어야 합니다. [F:\repos\CSharp\PiDesktop_054\pi-network-desktop\resources\app.asar-repack\PiNodeMonitorWinForm\PiNodeMonitorWinForm.csproj]
F:\repos\CSharp\PiDesktop_054\pi-network-desktop\resources\app.asar-repack\PiNodeMonitorWinForm\RemoteViewForm.cs(67,13): warning CS4014: 이 호출이 대기되지 않으므로 호출이 완료되기 전에 현재 메서드가 계속 실행됩니다. 호출 결과에 'await' 연산자를 적용해 보세요. [F:\repos\CSharp\PiDesktop_054\pi-network-desktop\resources\app.asar-repack\PiNodeMonitorWinForm\PiNodeMonitorWinForm.csproj]
F:\repos\CSharp\PiDesktop_054\pi-network-desktop\resources\app.asar-repack\PiNodeMonitorWinForm\QRForm.cs(58,13): error CS0103: 'pbQR' 이름이 현재 컨텍스트에 없습니다. [F:\repos\CSharp\PiDesktop_054\pi-network-desktop\resources\app.asar-repack\PiNodeMonitorWinForm\PiNodeMonitorWinForm.csproj]
F:\repos\CSharp\PiDesktop_054\pi-network-desktop\resources\app.asar-repack\PiNodeMonitorWinForm\QRForm.cs(59,13): error CS0103: 'pbQR' 이름이 현재 컨텍스트에 없습니다. [F:\repos\CSharp\PiDesktop_054\pi-network-desktop\resources\app.asar-repack\PiNodeMonitorWinForm\PiNodeMonitorWinForm.csproj]
F:\repos\CSharp\PiDesktop_054\pi-network-desktop\resources\app.asar-repack\PiNodeMonitorWinForm\QRForm.cs(60,13): error CS0103: 'pbQR' 이름이 현재 컨텍스트에 없습니다. [F:\repos\CSharp\PiDesktop_054\pi-network-desktop\resources\app.asar-repack\PiNodeMonitorWinForm\PiNodeMonitorWinForm.csproj]
F:\repos\CSharp\PiDesktop_054\pi-network-desktop\resources\app.asar-repack\PiNodeMonitorWinForm\QRForm.cs(61,13): error CS0103: 'pbQR' 이름이 현재 컨텍스트에 없습니다. [F:\repos\CSharp\PiDesktop_054\pi-network-desktop\resources\app.asar-repack\PiNodeMonitorWinForm\PiNodeMonitorWinForm.csproj]
F:\repos\CSharp\PiDesktop_054\pi-network-desktop\resources\app.asar-repack\PiNodeMonitorWinForm\QRForm.cs(62,31): error CS0103: 'pbQR' 이름이 현재 컨텍스트에 없습니다. [F:\repos\CSharp\PiDesktop_054\pi-network-desktop\resources\app.asar-repack\PiNodeMonitorWinForm\PiNodeMonitorWinForm.csproj]
F:\repos\CSharp\PiDesktop_054\pi-network-desktop\resources\app.asar-repack\PiNodeMonitorWinForm\QRForm.cs(64,13): error CS0103: 'lblPin' 이름이 현재 컨텍스트에 없습니다. [F:\repos\CSharp\PiDesktop_054\pi-network-desktop\resources\app.asar-repack\PiNodeMonitorWinForm\PiNodeMonitorWinForm.csproj]
F:\repos\CSharp\PiDesktop_054\pi-network-desktop\resources\app.asar-repack\PiNodeMonitorWinForm\QRForm.cs(65,13): error CS0103: 'lblPin' 이름이 현재 컨텍스트에 없습니다. [F:\repos\CSharp\PiDesktop_054\pi-network-desktop\resources\app.asar-repack\PiNodeMonitorWinForm\PiNodeMonitorWinForm.csproj]
F:\repos\CSharp\PiDesktop_054\pi-network-desktop\resources\app.asar-repack\PiNodeMonitorWinForm\QRForm.cs(66,13): error CS0103: 'lblPin' 이름이 현재 컨텍스트에 없습니다. [F:\repos\CSharp\PiDesktop_054\pi-network-desktop\resources\app.asar-repack\PiNodeMonitorWinForm\PiNodeMonitorWinForm.csproj]
F:\repos\CSharp\PiDesktop_054\pi-network-desktop\resources\app.asar-repack\PiNodeMonitorWinForm\QRForm.cs(67,13): error CS0103: 'lblPin' 이름이 현재 컨텍스트에 없습니다. [F:\repos\CSharp\PiDesktop_054\pi-network-desktop\resources\app.asar-repack\PiNodeMonitorWinForm\PiNodeMonitorWinForm.csproj]
F:\repos\CSharp\PiDesktop_054\pi-network-desktop\resources\app.asar-repack\PiNodeMonitorWinForm\QRForm.cs(68,13): error CS0103: 'lblPin' 이름이 현재 컨텍스트에 없습니다. [F:\repos\CSharp\PiDesktop_054\pi-network-desktop\resources\app.asar-repack\PiNodeMonitorWinForm\PiNodeMonitorWinForm.csproj]
F:\repos\CSharp\PiDesktop_054\pi-network-desktop\resources\app.asar-repack\PiNodeMonitorWinForm\QRForm.cs(69,13): error CS0103: 'lblPin' 이름이 현재 컨텍스트에 없습니다. [F:\repos\CSharp\PiDesktop_054\pi-network-desktop\resources\app.asar-repack\PiNodeMonitorWinForm\PiNodeMonitorWinForm.csproj]
F:\repos\CSharp\PiDesktop_054\pi-network-desktop\resources\app.asar-repack\PiNodeMonitorWinForm\QRForm.cs(70,13): error CS0103: 'lblPin' 이름이 현재 컨텍스트에 없습니다. [F:\repos\CSharp\PiDesktop_054\pi-network-desktop\resources\app.asar-repack\PiNodeMonitorWinForm\PiNodeMonitorWinForm.csproj]
F:\repos\CSharp\PiDesktop_054\pi-network-desktop\resources\app.asar-repack\PiNodeMonitorWinForm\QRForm.cs(71,31): error CS0103: 'lblPin' 이름이 현재 컨텍스트에 없습니다. [F:\repos\CSharp\PiDesktop_054\pi-network-desktop\resources\app.asar-repack\PiNodeMonitorWinForm\PiNodeMonitorWinForm.csproj]
F:\repos\CSharp\PiDesktop_054\pi-network-desktop\resources\app.asar-repack\PiNodeMonitorWinForm\QRForm.cs(73,13): error CS0103: 'lblUrl' 이름이 현재 컨텍스트에 없습니다. [F:\repos\CSharp\PiDesktop_054\pi-network-desktop\resources\app.asar-repack\PiNodeMonitorWinForm\PiNodeMonitorWinForm.csproj]
F:\repos\CSharp\PiDesktop_054\pi-network-desktop\resources\app.asar-repack\PiNodeMonitorWinForm\QRForm.cs(74,13): error CS0103: 'lblUrl' 이름이 현재 컨텍스트에 없습니다. [F:\repos\CSharp\PiDesktop_054\pi-network-desktop\resources\app.asar-repack\PiNodeMonitorWinForm\PiNodeMonitorWinForm.csproj]
F:\repos\CSharp\PiDesktop_054\pi-network-desktop\resources\app.asar-repack\PiNodeMonitorWinForm\QRForm.cs(75,13): error CS0103: 'lblUrl' 이름이 현재 컨텍스트에 없습니다. [F:\repos\CSharp\PiDesktop_054\pi-network-desktop\resources\app.asar-repack\PiNodeMonitorWinForm\PiNodeMonitorWinForm.csproj]
F:\repos\CSharp\PiDesktop_054\pi-network-desktop\resources\app.asar-repack\PiNodeMonitorWinForm\QRForm.cs(76,13): error CS0103: 'lblUrl' 이름이 현재 컨텍스트에 없습니다. [F:\repos\CSharp\PiDesktop_054\pi-network-desktop\resources\app.asar-repack\PiNodeMonitorWinForm\PiNodeMonitorWinForm.csproj]
F:\repos\CSharp\PiDesktop_054\pi-network-desktop\resources\app.asar-repack\PiNodeMonitorWinForm\QRForm.cs(77,13): error CS0103: 'lblUrl' 이름이 현재 컨텍스트에 없습니다. [F:\repos\CSharp\PiDesktop_054\pi-network-desktop\resources\app.asar-repack\PiNodeMonitorWinForm\PiNodeMonitorWinForm.csproj]
F:\repos\CSharp\PiDesktop_054\pi-network-desktop\resources\app.asar-repack\PiNodeMonitorWinForm\QRForm.cs(78,13): error CS0103: 'lblUrl' 이름이 현재 컨텍스트에 없습니다. [F:\repos\CSharp\PiDesktop_054\pi-network-desktop\resources\app.asar-repack\PiNodeMonitorWinForm\PiNodeMonitorWinForm.csproj]
F:\repos\CSharp\PiDesktop_054\pi-network-desktop\resources\app.asar-repack\PiNodeMonitorWinForm\QRForm.cs(79,13): error CS0103: 'lblUrl' 이름이 현재 컨텍스트에 없습니다. [F:\repos\CSharp\PiDesktop_054\pi-network-desktop\resources\app.asar-repack\PiNodeMonitorWinForm\PiNodeMonitorWinForm.csproj]
F:\repos\CSharp\PiDesktop_054\pi-network-desktop\resources\app.asar-repack\PiNodeMonitorWinForm\QRForm.cs(80,13): error CS0103: 'lblUrl' 이름이 현재 컨텍스트에 없습니다. [F:\repos\CSharp\PiDesktop_054\pi-network-desktop\resources\app.asar-repack\PiNodeMonitorWinForm\PiNodeMonitorWinForm.csproj]
F:\repos\CSharp\PiDesktop_054\pi-network-desktop\resources\app.asar-repack\PiNodeMonitorWinForm\QRForm.cs(81,31): error CS0103: 'lblUrl' 이름이 현재 컨텍스트에 없습니다. [F:\repos\CSharp\PiDesktop_054\pi-network-desktop\resources\app.asar-repack\PiNodeMonitorWinForm\PiNodeMonitorWinForm.csproj]
F:\repos\CSharp\PiDesktop_054\pi-network-desktop\resources\app.asar-repack\PiNodeMonitorWinForm\QRForm.cs(94,17): error CS0103: 'lblUrl' 이름이 현재 컨텍스트에 없습니다. [F:\repos\CSharp\PiDesktop_054\pi-network-desktop\resources\app.asar-repack\PiNodeMonitorWinForm\PiNodeMonitorWinForm.csproj]
F:\repos\CSharp\PiDesktop_054\pi-network-desktop\resources\app.asar-repack\PiNodeMonitorWinForm\QRForm.cs(99,17): error CS0103: 'pbQR' 이름이 현재 컨텍스트에 없습니다. [F:\repos\CSharp\PiDesktop_054\pi-network-desktop\resources\app.asar-repack\PiNodeMonitorWinForm\PiNodeMonitorWinForm.csproj]
F:\repos\CSharp\PiDesktop_054\pi-network-desktop\resources\app.asar-repack\PiNodeMonitorWinForm\QRForm.cs(101,30): warning CS0168: 'ex' 변수가 선언되었지만 사용되지 않았습니다. [F:\repos\CSharp\PiDesktop_054\pi-network-desktop\resources\app.asar-repack\PiNodeMonitorWinForm\PiNodeMonitorWinForm.csproj]
F:\repos\CSharp\PiDesktop_054\pi-network-desktop\resources\app.asar-repack\PiNodeMonitorWinForm\Form1.cs(425,17): warning CS4014: 이 호출이 대기되지 않으므로 호출이 완료되기 전에 현재 메서드가 계속 실행됩니다. 호출 결과에 'await' 연산자를 적용해 보세요. [F:\repos\CSharp\PiDesktop_054\pi-network-desktop\resources\app.asar-repack\PiNodeMonitorWinForm\PiNodeMonitorWinForm.csproj]
