msbuild 踰꾩쟾 17.14.23+b0019275e(.NET Framework??
鍮뚮뱶 ?쒖옉: 2026-01-14 ?ㅽ썑 4:29:35

1 ?몃뱶??"F:\repos\CSharp\PiDesktop_054\pi-network-desktop\resources\app.asar-repack\PiNodeMonitorWinForm\PiNodeMonitorWinForm.csproj" ?꾨줈?앺듃(Rebuild ????낅땲??
CoreClean:
  "F:\repos\CSharp\PiDesktop_054\pi-network-desktop\resources\app.asar-repack\PiNodeMonitorWinForm\bin\Debug\net48\PiNodeMonitorWinForm.exe.config" ?뚯씪????젣?섍퀬 ?덉뒿?덈떎.
  "F:\repos\CSharp\PiDesktop_054\pi-network-desktop\resources\app.asar-repack\PiNodeMonitorWinForm\bin\Debug\net48\PiNodeMonitorWinForm.exe" ?뚯씪????젣?섍퀬 ?덉뒿?덈떎.
  "F:\repos\CSharp\PiDesktop_054\pi-network-desktop\resources\app.asar-repack\PiNodeMonitorWinForm\bin\Debug\net48\PiNodeMonitorWinForm.pdb" ?뚯씪????젣?섍퀬 ?덉뒿?덈떎.
  "F:\repos\CSharp\PiDesktop_054\pi-network-desktop\resources\app.asar-repack\PiNodeMonitorWinForm\obj\Debug\net48\PiNodeMonitorWinForm.csproj.AssemblyReference.cache" ?뚯씪????젣?섍퀬 ?덉뒿?덈떎.
  "F:\repos\CSharp\PiDesktop_054\pi-network-desktop\resources\app.asar-repack\PiNodeMonitorWinForm\obj\Debug\net48\PiNodeMonitorWinForm.Form1.resources" ?뚯씪????젣?섍퀬 ?덉뒿?덈떎.
  "F:\repos\CSharp\PiDesktop_054\pi-network-desktop\resources\app.asar-repack\PiNodeMonitorWinForm\obj\Debug\net48\PiNodeMonitorWinForm.Properties.Resources.resources" ?뚯씪????젣?섍퀬 ?덉뒿?덈떎.
  "F:\repos\CSharp\PiDesktop_054\pi-network-desktop\resources\app.asar-repack\PiNodeMonitorWinForm\obj\Debug\net48\PiNodeMonitorWinForm.csproj.GenerateResource.cache" ?뚯씪????젣?섍퀬 ?덉뒿?덈떎.
  "F:\repos\CSharp\PiDesktop_054\pi-network-desktop\resources\app.asar-repack\PiNodeMonitorWinForm\obj\Debug\net48\PiNodeMonitorWinForm.GeneratedMSBuildEditorConfig.editorconfig" ?뚯씪????젣?섍퀬 ?덉뒿?덈떎.
  "F:\repos\CSharp\PiDesktop_054\pi-network-desktop\resources\app.asar-repack\PiNodeMonitorWinForm\obj\Debug\net48\PiNodeMonitorWinForm.AssemblyInfoInputs.cache" ?뚯씪????젣?섍퀬 ?덉뒿?덈떎.
  "F:\repos\CSharp\PiDesktop_054\pi-network-desktop\resources\app.asar-repack\PiNodeMonitorWinForm\obj\Debug\net48\PiNodeMonitorWinForm.AssemblyInfo.cs" ?뚯씪????젣?섍퀬 ?덉뒿?덈떎.
  "F:\repos\CSharp\PiDesktop_054\pi-network-desktop\resources\app.asar-repack\PiNodeMonitorWinForm\obj\Debug\net48\PiNodeMonitorWinForm.csproj.CoreCompileInputs.cache" ?뚯씪????젣?섍퀬 ?덉뒿?덈떎.
  "F:\repos\CSharp\PiDesktop_054\pi-network-desktop\resources\app.asar-repack\PiNodeMonitorWinForm\obj\Debug\net48\PiNodeMonitorWinForm.sourcelink.json" ?뚯씪????젣?섍퀬 ?덉뒿?덈떎.
  "F:\repos\CSharp\PiDesktop_054\pi-network-desktop\resources\app.asar-repack\PiNodeMonitorWinForm\obj\Debug\net48\PiNodeMonitorWinForm.exe" ?뚯씪????젣?섍퀬 ?덉뒿?덈떎.
  "F:\repos\CSharp\PiDesktop_054\pi-network-desktop\resources\app.asar-repack\PiNodeMonitorWinForm\obj\Debug\net48\PiNodeMonitorWinForm.pdb" ?뚯씪????젣?섍퀬 ?덉뒿?덈떎.
  "F:\repos\CSharp\PiDesktop_054\pi-network-desktop\resources\app.asar-repack\PiNodeMonitorWinForm\obj\Debug\net48\PiNodeMonitorWinForm.csproj.Fody.CopyLocal.cache" ?뚯씪????젣?섍퀬 ?덉뒿?덈떎.
  "F:\repos\CSharp\PiDesktop_054\pi-network-desktop\resources\app.asar-repack\PiNodeMonitorWinForm\obj\Debug\net48\PiNodeMonitorWinForm.csproj.Fody.RuntimeCopyLocal.cache" ?뚯씪????젣?섍퀬 ?덉뒿?덈떎.
_WriteAppConfigWithSupportedRuntime:
?대떦 ?낅젰 ?뚯씪怨?鍮꾧탳?섏뿬 異쒕젰 ?뚯씪??紐⑤몢 理쒖떊 ?뚯씪?대?濡?"_WriteAppConfigWithSupportedRuntime" ??곸쓣 嫄대꼫?곷땲??
CoreResGen:
  由ъ냼???뚯씪 "Form1.resx"??瑜? "obj\Debug\net48\PiNodeMonitorWinForm.Form1.resources"(??濡?泥섎━?섍퀬 ?덉뒿?덈떎.
  由ъ냼???뚯씪 "Properties\Resources.resx"??瑜? "obj\Debug\net48\PiNodeMonitorWinForm.Properties.Resources.resources"(??濡?泥섎━?섍퀬 ?덉뒿?덈떎.
GenerateTargetFrameworkMonikerAttribute:
?대떦 ?낅젰 ?뚯씪怨?鍮꾧탳?섏뿬 異쒕젰 ?뚯씪??紐⑤몢 理쒖떊 ?뚯씪?대?濡?"GenerateTargetFrameworkMonikerAttribute" ??곸쓣 嫄대꼫?곷땲??
_GenerateSourceLinkFile:
  Source Link ?뚯씪 'obj\Debug\net48\PiNodeMonitorWinForm.sourcelink.json'??瑜? ?낅뜲?댄듃?섎뒗 以묒엯?덈떎.
CoreCompile:
  C:\Program Files\dotnet\sdk\10.0.101\Roslyn\binfx\..\bincore\csc.exe /noconfig /sdkpath:C:\Windows\Microsoft.NET\Framework64\v4.0.30319\ /unsafe- /checked- /nowarn:1701,1702,1701,1702 /fullpaths /nostdlib+ /platform:x64 /errorreport:prompt /warn:4 /define:TRACE;DEBUG;NETFRAMEWORK;NET48;NET30_OR_GREATER;NET35_OR_GREATER;NET40_OR_GREATER;NET45_OR_GREATER;NET451_OR_GREATER;NET452_OR_GREATER;NET46_OR_GREATER;NET461_OR_GREATER;NET462_OR_GREATER;NET47_OR_GREATER;NET471_OR_GREATER;NET472_OR_GREATER;NET48_OR_GREATER /highentropyva+ /nullable:disable /reference:C:\Users\gurupia\.nuget\packages\costura.fody\5.7.0\lib\netstandard1.0\Costura.dll /reference:"C:\Program Files (x86)\Reference Assemblies\Microsoft\Framework\.NETFramework\v4.8\Microsoft.VisualBasic.dll" /reference:"C:\Program Files (x86)\Reference Assemblies\Microsoft\Framework\.NETFramework\v4.8\Facades\Microsoft.Win32.Primitives.dll" /reference:"C:\Program Files (x86)\Reference Assemblies\Microsoft\Framework\.NETFramework\v4.8\mscorlib.dll" /reference:C:\Users\gurupia\.nuget\packages\newtonsoft.json\13.0.3\lib\net45\Newtonsoft.Json.dll /reference:"C:\Program Files (x86)\Reference Assemblies\Microsoft\Framework\.NETFramework\v4.8\PresentationCore.dll" /reference:"C:\Program Files (x86)\Reference Assemblies\Microsoft\Framework\.NETFramework\v4.8\PresentationFramework.dll" /reference:C:\Users\gurupia\.nuget\packages\qrcoder\1.4.3\lib\net40\QRCoder.dll /reference:"C:\Program Files (x86)\Reference Assemblies\Microsoft\Framework\.NETFramework\v4.8\Facades\System.AppContext.dll" /reference:"C:\Program Files (x86)\Reference Assemblies\Microsoft\Framework\.NETFramework\v4.8\System.ComponentModel.Composition.dll" /reference:"C:\Program Files (x86)\Reference Assemblies\Microsoft\Framework\.NETFramework\v4.8\Facades\System.Console.dll" /reference:"C:\Program Files (x86)\Reference Assemblies\Microsoft\Framework\.NETFramework\v4.8\System.Core.dll" /reference:"C:\Program Files (x86)\Reference Assemblies\Microsoft\Framework\.NETFramework\v4.8\System.Data.dll" /reference:"C:\Program Files (x86)\Reference Assemblies\Microsoft\Framework\.NETFramework\v4.8\System.Diagnostics.Tracing.dll" /reference:"C:\Program Files (x86)\Reference Assemblies\Microsoft\Framework\.NETFramework\v4.8\System.dll" /reference:"C:\Program Files (x86)\Reference Assemblies\Microsoft\Framework\.NETFramework\v4.8\System.Drawing.dll" /reference:"C:\Program Files (x86)\Reference Assemblies\Microsoft\Framework\.NETFramework\v4.8\Facades\System.Globalization.Calendars.dll" /reference:"C:\Program Files (x86)\Reference Assemblies\Microsoft\Framework\.NETFramework\v4.8\System.IO.Compression.dll" /reference:"C:\Program Files (x86)\Reference Assemblies\Microsoft\Framework\.NETFramework\v4.8\System.IO.Compression.FileSystem.dll" /reference:"C:\Program Files (x86)\Reference Assemblies\Microsoft\Framework\.NETFramework\v4.8\Facades\System.IO.Compression.ZipFile.dll" /reference:"C:\Program Files (x86)\Reference Assemblies\Microsoft\Framework\.NETFramework\v4.8\Facades\System.IO.dll" /reference:"C:\Program Files (x86)\Reference Assemblies\Microsoft\Framework\.NETFramework\v4.8\Facades\System.IO.FileSystem.dll" /reference:"C:\Program Files (x86)\Reference Assemblies\Microsoft\Framework\.NETFramework\v4.8\Facades\System.IO.FileSystem.Primitives.dll" /reference:"C:\Program Files (x86)\Reference Assemblies\Microsoft\Framework\.NETFramework\v4.8\Facades\System.Linq.dll" /reference:"C:\Program Files (x86)\Reference Assemblies\Microsoft\Framework\.NETFramework\v4.8\Facades\System.Linq.Expressions.dll" /reference:"C:\Program Files (x86)\Reference Assemblies\Microsoft\Framework\.NETFramework\v4.8\System.Net.Http.dll" /reference:"C:\Program Files (x86)\Reference Assemblies\Microsoft\Framework\.NETFramework\v4.8\Facades\System.Net.Sockets.dll" /reference:"C:\Program Files (x86)\Reference Assemblies\Microsoft\Framework\.NETFramework\v4.8\System.Numerics.dll" /reference:"C:\Program Files (x86)\Reference Assemblies\Microsoft\Framework\.NETFramework\v4.8\Facades\System.Reflection.dll" /reference:"C:\Program Files (x86)\Reference Assemblies\Microsoft\Framework\.NETFramework\v4.8\Facades\System.Runtime.dll" /reference:"C:\Program Files (x86)\Reference Assemblies\Microsoft\Framework\.NETFramework\v4.8\Facades\System.Runtime.Extensions.dll" /reference:"C:\Program Files (x86)\Reference Assemblies\Microsoft\Framework\.NETFramework\v4.8\Facades\System.Runtime.InteropServices.dll" /reference:"C:\Program Files (x86)\Reference Assemblies\Microsoft\Framework\.NETFramework\v4.8\Facades\System.Runtime.InteropServices.RuntimeInformation.dll" /reference:"C:\Program Files (x86)\Reference Assemblies\Microsoft\Framework\.NETFramework\v4.8\System.Runtime.Serialization.dll" /reference:"C:\Program Files (x86)\Reference Assemblies\Microsoft\Framework\.NETFramework\v4.8\Facades\System.Security.Cryptography.Algorithms.dll" /reference:"C:\Program Files (x86)\Reference Assemblies\Microsoft\Framework\.NETFramework\v4.8\Facades\System.Security.Cryptography.Encoding.dll" /reference:"C:\Program Files (x86)\Reference Assemblies\Microsoft\Framework\.NETFramework\v4.8\Facades\System.Security.Cryptography.Primitives.dll" /reference:"C:\Program Files (x86)\Reference Assemblies\Microsoft\Framework\.NETFramework\v4.8\Facades\System.Security.Cryptography.X509Certificates.dll" /reference:"C:\Program Files (x86)\Reference Assemblies\Microsoft\Framework\.NETFramework\v4.8\Facades\System.Text.RegularExpressions.dll" /reference:"C:\Program Files (x86)\Reference Assemblies\Microsoft\Framework\.NETFramework\v4.8\System.Web.dll" /reference:"C:\Program Files (x86)\Reference Assemblies\Microsoft\Framework\.NETFramework\v4.8\System.Windows.Forms.dll" /reference:"C:\Program Files (x86)\Reference Assemblies\Microsoft\Framework\.NETFramework\v4.8\System.Xml.dll" /reference:"C:\Program Files (x86)\Reference Assemblies\Microsoft\Framework\.NETFramework\v4.8\System.Xml.Linq.dll" /reference:"C:\Program Files (x86)\Reference Assemblies\Microsoft\Framework\.NETFramework\v4.8\Facades\System.Xml.ReaderWriter.dll" /reference:"C:\Program Files (x86)\Reference Assemblies\Microsoft\Framework\.NETFramework\v4.8\WindowsBase.dll" /reference:"C:\Program Files (x86)\Reference Assemblies\Microsoft\Framework\.NETFramework\v4.8\Facades\netstandard.dll" /reference:"C:\Program Files (x86)\Reference Assemblies\Microsoft\Framework\.NETFramework\v4.8\Facades\System.Collections.Concurrent.dll" /reference:"C:\Program Files (x86)\Reference Assemblies\Microsoft\Framework\.NETFramework\v4.8\Facades\System.Collections.dll" /reference:"C:\Program Files (x86)\Reference Assemblies\Microsoft\Framework\.NETFramework\v4.8\Facades\System.Collections.NonGeneric.dll" /reference:"C:\Program Files (x86)\Reference Assemblies\Microsoft\Framework\.NETFramework\v4.8\Facades\System.Collections.Specialized.dll" /reference:"C:\Program Files (x86)\Reference Assemblies\Microsoft\Framework\.NETFramework\v4.8\Facades\System.ComponentModel.Annotations.dll" /reference:"C:\Program Files (x86)\Reference Assemblies\Microsoft\Framework\.NETFramework\v4.8\Facades\System.ComponentModel.dll" /reference:"C:\Program Files (x86)\Reference Assemblies\Microsoft\Framework\.NETFramework\v4.8\Facades\System.ComponentModel.EventBasedAsync.dll" /reference:"C:\Program Files (x86)\Reference Assemblies\Microsoft\Framework\.NETFramework\v4.8\Facades\System.ComponentModel.Primitives.dll" /reference:"C:\Program Files (x86)\Reference Assemblies\Microsoft\Framework\.NETFramework\v4.8\Facades\System.ComponentModel.TypeConverter.dll" /reference:"C:\Program Files (x86)\Reference Assemblies\Microsoft\Framework\.NETFramework\v4.8\Facades\System.Data.Common.dll" /reference:"C:\Program Files (x86)\Reference Assemblies\Microsoft\Framework\.NETFramework\v4.8\Facades\System.Diagnostics.Contracts.dll" /reference:"C:\Program Files (x86)\Reference Assemblies\Microsoft\Framework\.NETFramework\v4.8\Facades\System.Diagnostics.Debug.dll" /reference:"C:\Program Files (x86)\Reference Assemblies\Microsoft\Framework\.NETFramework\v4.8\Facades\System.Diagnostics.FileVersionInfo.dll" /reference:"C:\Program Files (x86)\Reference Assemblies\Microsoft\Framework\.NETFramework\v4.8\Facades\System.Diagnostics.Process.dll" /reference:"C:\Program Files (x86)\Reference Assemblies\Microsoft\Framework\.NETFramework\v4.8\Facades\System.Diagnostics.StackTrace.dll" /reference:"C:\Program Files (x86)\Reference Assemblies\Microsoft\Framework\.NETFramework\v4.8\Facades\System.Diagnostics.TextWriterTraceListener.dll" /reference:"C:\Program Files (x86)\Reference Assemblies\Microsoft\Framework\.NETFramework\v4.8\Facades\System.Diagnostics.Tools.dll" /reference:"C:\Program Files (x86)\Reference Assemblies\Microsoft\Framework\.NETFramework\v4.8\Facades\System.Diagnostics.TraceSource.dll" /reference:"C:\Program Files (x86)\Reference Assemblies\Microsoft\Framework\.NETFramework\v4.8\Facades\System.Drawing.Primitives.dll" /reference:"C:\Program Files (x86)\Reference Assemblies\Microsoft\Framework\.NETFramework\v4.8\Facades\System.Dynamic.Runtime.dll" /reference:"C:\Program Files (x86)\Reference Assemblies\Microsoft\Framework\.NETFramework\v4.8\Facades\System.Globalization.dll" /reference:"C:\Program Files (x86)\Reference Assemblies\Microsoft\Framework\.NETFramework\v4.8\Facades\System.Globalization.Extensions.dll" /reference:"C:\Program Files (x86)\Reference Assemblies\Microsoft\Framework\.NETFramework\v4.8\Facades\System.IO.FileSystem.DriveInfo.dll" /reference:"C:\Program Files (x86)\Reference Assemblies\Microsoft\Framework\.NETFramework\v4.8\Facades\System.IO.FileSystem.Watcher.dll" /reference:"C:\Program Files (x86)\Reference Assemblies\Microsoft\Framework\.NETFramework\v4.8\Facades\System.IO.IsolatedStorage.dll" /reference:"C:\Program Files (x86)\Reference Assemblies\Microsoft\Framework\.NETFramework\v4.8\Facades\System.IO.MemoryMappedFiles.dll" /reference:"C:\Program Files (x86)\Reference Assemblies\Microsoft\Framework\.NETFramework\v4.8\Facades\System.IO.Pipes.dll" /reference:"C:\Program Files (x86)\Reference Assemblies\Microsoft\Framework\.NETFramework\v4.8\Facades\System.IO.UnmanagedMemoryStream.dll" /reference:"C:\Program Files (x86)\Reference Assemblies\Microsoft\Framework\.NETFramework\v4.8\Facades\System.Linq.Parallel.dll" /reference:"C:\Program Files (x86)\Reference Assemblies\Microsoft\Framework\.NETFramework\v4.8\Facades\System.Linq.Queryable.dll" /reference:"C:\Program Files (x86)\Reference Assemblies\Microsoft\Framework\.NETFramework\v4.8\Facades\System.Net.Http.Rtc.dll" /reference:"C:\Program Files (x86)\Reference Assemblies\Microsoft\Framework\.NETFramework\v4.8\Facades\System.Net.NameResolution.dll" /reference:"C:\Program Files (x86)\Reference Assemblies\Microsoft\Framework\.NETFramework\v4.8\Facades\System.Net.NetworkInformation.dll" /reference:"C:\Program Files (x86)\Reference Assemblies\Microsoft\Framework\.NETFramework\v4.8\Facades\System.Net.Ping.dll" /reference:"C:\Program Files (x86)\Reference Assemblies\Microsoft\Framework\.NETFramework\v4.8\Facades\System.Net.Primitives.dll" /reference:"C:\Program Files (x86)\Reference Assemblies\Microsoft\Framework\.NETFramework\v4.8\Facades\System.Net.Requests.dll" /reference:"C:\Program Files (x86)\Reference Assemblies\Microsoft\Framework\.NETFramework\v4.8\Facades\System.Net.Security.dll" /reference:"C:\Program Files (x86)\Reference Assemblies\Microsoft\Framework\.NETFramework\v4.8\Facades\System.Net.WebHeaderCollection.dll" /reference:"C:\Program Files (x86)\Reference Assemblies\Microsoft\Framework\.NETFramework\v4.8\Facades\System.Net.WebSockets.Client.dll" /reference:"C:\Program Files (x86)\Reference Assemblies\Microsoft\Framework\.NETFramework\v4.8\Facades\System.Net.WebSockets.dll" /reference:"C:\Program Files (x86)\Reference Assemblies\Microsoft\Framework\.NETFramework\v4.8\Facades\System.ObjectModel.dll" /reference:"C:\Program Files (x86)\Reference Assemblies\Microsoft\Framework\.NETFramework\v4.8\Facades\System.Reflection.Emit.dll" /reference:"C:\Program Files (x86)\Reference Assemblies\Microsoft\Framework\.NETFramework\v4.8\Facades\System.Reflection.Emit.ILGeneration.dll" /reference:"C:\Program Files (x86)\Reference Assemblies\Microsoft\Framework\.NETFramework\v4.8\Facades\System.Reflection.Emit.Lightweight.dll" /reference:"C:\Program Files (x86)\Reference Assemblies\Microsoft\Framework\.NETFramework\v4.8\Facades\System.Reflection.Extensions.dll" /reference:"C:\Program Files (x86)\Reference Assemblies\Microsoft\Framework\.NETFramework\v4.8\Facades\System.Reflection.Primitives.dll" /reference:"C:\Program Files (x86)\Reference Assemblies\Microsoft\Framework\.NETFramework\v4.8\Facades\System.Resources.Reader.dll" /reference:"C:\Program Files (x86)\Reference Assemblies\Microsoft\Framework\.NETFramework\v4.8\Facades\System.Resources.ResourceManager.dll" /reference:"C:\Program Files (x86)\Reference Assemblies\Microsoft\Framework\.NETFramework\v4.8\Facades\System.Resources.Writer.dll" /reference:"C:\Program Files (x86)\Reference Assemblies\Microsoft\Framework\.NETFramework\v4.8\Facades\System.Runtime.CompilerServices.VisualC.dll" /reference:"C:\Program Files (x86)\Reference Assemblies\Microsoft\Framework\.NETFramework\v4.8\Facades\System.Runtime.Handles.dll" /reference:"C:\Program Files (x86)\Reference Assemblies\Microsoft\Framework\.NETFramework\v4.8\Facades\System.Runtime.InteropServices.WindowsRuntime.dll" /reference:"C:\Program Files (x86)\Reference Assemblies\Microsoft\Framework\.NETFramework\v4.8\Facades\System.Runtime.Numerics.dll" /reference:"C:\Program Files (x86)\Reference Assemblies\Microsoft\Framework\.NETFramework\v4.8\Facades\System.Runtime.Serialization.Formatters.dll" /reference:"C:\Program Files (x86)\Reference Assemblies\Microsoft\Framework\.NETFramework\v4.8\Facades\System.Runtime.Serialization.Json.dll" /reference:"C:\Program Files (x86)\Reference Assemblies\Microsoft\Framework\.NETFramework\v4.8\Facades\System.Runtime.Serialization.Primitives.dll" /reference:"C:\Program Files (x86)\Reference Assemblies\Microsoft\Framework\.NETFramework\v4.8\Facades\System.Runtime.Serialization.Xml.dll" /reference:"C:\Program Files (x86)\Reference Assemblies\Microsoft\Framework\.NETFramework\v4.8\Facades\System.Security.Claims.dll" /reference:"C:\Program Files (x86)\Reference Assemblies\Microsoft\Framework\.NETFramework\v4.8\Facades\System.Security.Cryptography.Csp.dll" /reference:"C:\Program Files (x86)\Reference Assemblies\Microsoft\Framework\.NETFramework\v4.8\Facades\System.Security.Principal.dll" /reference:"C:\Program Files (x86)\Reference Assemblies\Microsoft\Framework\.NETFramework\v4.8\Facades\System.Security.SecureString.dll" /reference:"C:\Program Files (x86)\Reference Assemblies\Microsoft\Framework\.NETFramework\v4.8\Facades\System.ServiceModel.Duplex.dll" /reference:"C:\Program Files (x86)\Reference Assemblies\Microsoft\Framework\.NETFramework\v4.8\Facades\System.ServiceModel.Http.dll" /reference:"C:\Program Files (x86)\Reference Assemblies\Microsoft\Framework\.NETFramework\v4.8\Facades\System.ServiceModel.NetTcp.dll" /reference:"C:\Program Files (x86)\Reference Assemblies\Microsoft\Framework\.NETFramework\v4.8\Facades\System.ServiceModel.Primitives.dll" /reference:"C:\Program Files (x86)\Reference Assemblies\Microsoft\Framework\.NETFramework\v4.8\Facades\System.ServiceModel.Security.dll" /reference:"C:\Program Files (x86)\Reference Assemblies\Microsoft\Framework\.NETFramework\v4.8\Facades\System.Text.Encoding.dll" /reference:"C:\Program Files (x86)\Reference Assemblies\Microsoft\Framework\.NETFramework\v4.8\Facades\System.Text.Encoding.Extensions.dll" /reference:"C:\Program Files (x86)\Reference Assemblies\Microsoft\Framework\.NETFramework\v4.8\Facades\System.Threading.dll" /reference:"C:\Program Files (x86)\Reference Assemblies\Microsoft\Framework\.NETFramework\v4.8\Facades\System.Threading.Overlapped.dll" /reference:"C:\Program Files (x86)\Reference Assemblies\Microsoft\Framework\.NETFramework\v4.8\Facades\System.Threading.Tasks.dll" /reference:"C:\Program Files (x86)\Reference Assemblies\Microsoft\Framework\.NETFramework\v4.8\Facades\System.Threading.Tasks.Parallel.dll" /reference:"C:\Program Files (x86)\Reference Assemblies\Microsoft\Framework\.NETFramework\v4.8\Facades\System.Threading.Thread.dll" /reference:"C:\Program Files (x86)\Reference Assemblies\Microsoft\Framework\.NETFramework\v4.8\Facades\System.Threading.ThreadPool.dll" /reference:"C:\Program Files (x86)\Reference Assemblies\Microsoft\Framework\.NETFramework\v4.8\Facades\System.Threading.Timer.dll" /reference:"C:\Program Files (x86)\Reference Assemblies\Microsoft\Framework\.NETFramework\v4.8\Facades\System.ValueTuple.dll" /reference:"C:\Program Files (x86)\Reference Assemblies\Microsoft\Framework\.NETFramework\v4.8\Facades\System.Xml.XDocument.dll" /reference:"C:\Program Files (x86)\Reference Assemblies\Microsoft\Framework\.NETFramework\v4.8\Facades\System.Xml.XmlDocument.dll" /reference:"C:\Program Files (x86)\Reference Assemblies\Microsoft\Framework\.NETFramework\v4.8\Facades\System.Xml.XmlSerializer.dll" /reference:"C:\Program Files (x86)\Reference Assemblies\Microsoft\Framework\.NETFramework\v4.8\Facades\System.Xml.XPath.dll" /reference:"C:\Program Files (x86)\Reference Assemblies\Microsoft\Framework\.NETFramework\v4.8\Facades\System.Xml.XPath.XDocument.dll" /debug+ /debug:portable /filealign:512 /optimize- /out:obj\Debug\net48\PiNodeMonitorWinForm.exe /subsystemversion:6.00 /resource:obj\Debug\net48\PiNodeMonitorWinForm.Form1.resources /resource:obj\Debug\net48\PiNodeMonitorWinForm.Properties.Resources.resources /resource:app.ico,PiNodeMonitorWinForm.app.ico /resource:costura64\GurupiaCapture.Core.dll,PiNodeMonitorWinForm.costura64.GurupiaCapture.Core.dll /target:winexe /warnaserror- /utf8output /win32icon:app.ico /deterministic+ /sourcelink:obj\Debug\net48\PiNodeMonitorWinForm.sourcelink.json /langversion:latest /analyzerconfig:obj\Debug\net48\PiNodeMonitorWinForm.GeneratedMSBuildEditorConfig.editorconfig ExternalToolsSettingsForm.cs Form1.cs Form1.Designer.cs HelpForm.cs HistoryForm.cs MobileServer.cs MultiMonitorForm.cs NativeCapture.cs NodeUtility.cs Program.cs Properties\Resources.Designer.cs QRForm.cs RemoteViewForm.cs Services\BonusService.cs Services\CloudflareTunnelService.cs Services\ExternalTools\ExternalToolService.cs Services\NodeMonitorService.cs Services\Sms\ISmsProvider.cs Services\Sms\SmsConfigModel.cs Services\Sms\SmsService.cs Services\Sms\SolapiSmsProvider.cs Services\Sms\TwilioProvider.cs Services\TelegramBotService.cs Services\WalletService.cs SetupWizardForm.cs SmsSettingsForm.cs "obj\Debug\net48\.NETFramework,Version=v4.8.AssemblyAttributes.cs" obj\Debug\net48\PiNodeMonitorWinForm.AssemblyInfo.cs /warnaserror+:NU1605
  Compilation request PiNodeMonitorWinForm (net48), PathToTool=C:\Program Files\dotnet\sdk\10.0.101\Roslyn\binfx\..\bincore\csc.exe
  CommandLine = ' /noconfig'
  BuildResponseFile = '/sdkpath:C:\Windows\Microsoft.NET\Framework64\v4.0.30319\ /unsafe- /checked- /nowarn:1701,1702,1701,1702 /fullpaths /nostdlib+ /platform:x64 /errorreport:prompt /warn:4 /define:TRACE;DEBUG;NETFRAMEWORK;NET48;NET30_OR_GREATER;NET35_OR_GREATER;NET40_OR_GREATER;NET45_OR_GREATER;NET451_OR_GREATER;NET452_OR_GREATER;NET46_OR_GREATER;NET461_OR_GREATER;NET462_OR_GREATER;NET47_OR_GREATER;NET471_OR_GREATER;NET472_OR_GREATER;NET48_OR_GREATER /highentropyva+ /nullable:disable /reference:C:\Users\gurupia\.nuget\packages\costura.fody\5.7.0\lib\netstandard1.0\Costura.dll /reference:"C:\Program Files (x86)\Reference Assemblies\Microsoft\Framework\.NETFramework\v4.8\Microsoft.VisualBasic.dll" /reference:"C:\Program Files (x86)\Reference Assemblies\Microsoft\Framework\.NETFramework\v4.8\Facades\Microsoft.Win32.Primitives.dll" /reference:"C:\Program Files (x86)\Reference Assemblies\Microsoft\Framework\.NETFramework\v4.8\mscorlib.dll" /reference:C:\Users\gurupia\.nuget\packages\newtonsoft.json\13.0.3\lib\net45\Newtonsoft.Json.dll /reference:"C:\Program Files (x86)\Reference Assemblies\Microsoft\Framework\.NETFramework\v4.8\PresentationCore.dll" /reference:"C:\Program Files (x86)\Reference Assemblies\Microsoft\Framework\.NETFramework\v4.8\PresentationFramework.dll" /reference:C:\Users\gurupia\.nuget\packages\qrcoder\1.4.3\lib\net40\QRCoder.dll /reference:"C:\Program Files (x86)\Reference Assemblies\Microsoft\Framework\.NETFramework\v4.8\Facades\System.AppContext.dll" /reference:"C:\Program Files (x86)\Reference Assemblies\Microsoft\Framework\.NETFramework\v4.8\System.ComponentModel.Composition.dll" /reference:"C:\Program Files (x86)\Reference Assemblies\Microsoft\Framework\.NETFramework\v4.8\Facades\System.Console.dll" /reference:"C:\Program Files (x86)\Reference Assemblies\Microsoft\Framework\.NETFramework\v4.8\System.Core.dll" /reference:"C:\Program Files (x86)\Reference Assemblies\Microsoft\Framework\.NETFramework\v4.8\System.Data.dll" /reference:"C:\Program Files (x86)\Reference Assemblies\Microsoft\Framework\.NETFramework\v4.8\System.Diagnostics.Tracing.dll" /reference:"C:\Program Files (x86)\Reference Assemblies\Microsoft\Framework\.NETFramework\v4.8\System.dll" /reference:"C:\Program Files (x86)\Reference Assemblies\Microsoft\Framework\.NETFramework\v4.8\System.Drawing.dll" /reference:"C:\Program Files (x86)\Reference Assemblies\Microsoft\Framework\.NETFramework\v4.8\Facades\System.Globalization.Calendars.dll" /reference:"C:\Program Files (x86)\Reference Assemblies\Microsoft\Framework\.NETFramework\v4.8\System.IO.Compression.dll" /reference:"C:\Program Files (x86)\Reference Assemblies\Microsoft\Framework\.NETFramework\v4.8\System.IO.Compression.FileSystem.dll" /reference:"C:\Program Files (x86)\Reference Assemblies\Microsoft\Framework\.NETFramework\v4.8\Facades\System.IO.Compression.ZipFile.dll" /reference:"C:\Program Files (x86)\Reference Assemblies\Microsoft\Framework\.NETFramework\v4.8\Facades\System.IO.dll" /reference:"C:\Program Files (x86)\Reference Assemblies\Microsoft\Framework\.NETFramework\v4.8\Facades\System.IO.FileSystem.dll" /reference:"C:\Program Files (x86)\Reference Assemblies\Microsoft\Framework\.NETFramework\v4.8\Facades\System.IO.FileSystem.Primitives.dll" /reference:"C:\Program Files (x86)\Reference Assemblies\Microsoft\Framework\.NETFramework\v4.8\Facades\System.Linq.dll" /reference:"C:\Program Files (x86)\Reference Assemblies\Microsoft\Framework\.NETFramework\v4.8\Facades\System.Linq.Expressions.dll" /reference:"C:\Program Files (x86)\Reference Assemblies\Microsoft\Framework\.NETFramework\v4.8\System.Net.Http.dll" /reference:"C:\Program Files (x86)\Reference Assemblies\Microsoft\Framework\.NETFramework\v4.8\Facades\System.Net.Sockets.dll" /reference:"C:\Program Files (x86)\Reference Assemblies\Microsoft\Framework\.NETFramework\v4.8\System.Numerics.dll" /reference:"C:\Program Files (x86)\Reference Assemblies\Microsoft\Framework\.NETFramework\v4.8\Facades\System.Reflection.dll" /reference:"C:\Program Files (x86)\Reference Assemblies\Microsoft\Framework\.NETFramework\v4.8\Facades\System.Runtime.dll" /reference:"C:\Program Files (x86)\Reference Assemblies\Microsoft\Framework\.NETFramework\v4.8\Facades\System.Runtime.Extensions.dll" /reference:"C:\Program Files (x86)\Reference Assemblies\Microsoft\Framework\.NETFramework\v4.8\Facades\System.Runtime.InteropServices.dll" /reference:"C:\Program Files (x86)\Reference Assemblies\Microsoft\Framework\.NETFramework\v4.8\Facades\System.Runtime.InteropServices.RuntimeInformation.dll" /reference:"C:\Program Files (x86)\Reference Assemblies\Microsoft\Framework\.NETFramework\v4.8\System.Runtime.Serialization.dll" /reference:"C:\Program Files (x86)\Reference Assemblies\Microsoft\Framework\.NETFramework\v4.8\Facades\System.Security.Cryptography.Algorithms.dll" /reference:"C:\Program Files (x86)\Reference Assemblies\Microsoft\Framework\.NETFramework\v4.8\Facades\System.Security.Cryptography.Encoding.dll" /reference:"C:\Program Files (x86)\Reference Assemblies\Microsoft\Framework\.NETFramework\v4.8\Facades\System.Security.Cryptography.Primitives.dll" /reference:"C:\Program Files (x86)\Reference Assemblies\Microsoft\Framework\.NETFramework\v4.8\Facades\System.Security.Cryptography.X509Certificates.dll" /reference:"C:\Program Files (x86)\Reference Assemblies\Microsoft\Framework\.NETFramework\v4.8\Facades\System.Text.RegularExpressions.dll" /reference:"C:\Program Files (x86)\Reference Assemblies\Microsoft\Framework\.NETFramework\v4.8\System.Web.dll" /reference:"C:\Program Files (x86)\Reference Assemblies\Microsoft\Framework\.NETFramework\v4.8\System.Windows.Forms.dll" /reference:"C:\Program Files (x86)\Reference Assemblies\Microsoft\Framework\.NETFramework\v4.8\System.Xml.dll" /reference:"C:\Program Files (x86)\Reference Assemblies\Microsoft\Framework\.NETFramework\v4.8\System.Xml.Linq.dll" /reference:"C:\Program Files (x86)\Reference Assemblies\Microsoft\Framework\.NETFramework\v4.8\Facades\System.Xml.ReaderWriter.dll" /reference:"C:\Program Files (x86)\Reference Assemblies\Microsoft\Framework\.NETFramework\v4.8\WindowsBase.dll" /reference:"C:\Program Files (x86)\Reference Assemblies\Microsoft\Framework\.NETFramework\v4.8\Facades\netstandard.dll" /reference:"C:\Program Files (x86)\Reference Assemblies\Microsoft\Framework\.NETFramework\v4.8\Facades\System.Collections.Concurrent.dll" /reference:"C:\Program Files (x86)\Reference Assemblies\Microsoft\Framework\.NETFramework\v4.8\Facades\System.Collections.dll" /reference:"C:\Program Files (x86)\Reference Assemblies\Microsoft\Framework\.NETFramework\v4.8\Facades\System.Collections.NonGeneric.dll" /reference:"C:\Program Files (x86)\Reference Assemblies\Microsoft\Framework\.NETFramework\v4.8\Facades\System.Collections.Specialized.dll" /reference:"C:\Program Files (x86)\Reference Assemblies\Microsoft\Framework\.NETFramework\v4.8\Facades\System.ComponentModel.Annotations.dll" /reference:"C:\Program Files (x86)\Reference Assemblies\Microsoft\Framework\.NETFramework\v4.8\Facades\System.ComponentModel.dll" /reference:"C:\Program Files (x86)\Reference Assemblies\Microsoft\Framework\.NETFramework\v4.8\Facades\System.ComponentModel.EventBasedAsync.dll" /reference:"C:\Program Files (x86)\Reference Assemblies\Microsoft\Framework\.NETFramework\v4.8\Facades\System.ComponentModel.Primitives.dll" /reference:"C:\Program Files (x86)\Reference Assemblies\Microsoft\Framework\.NETFramework\v4.8\Facades\System.ComponentModel.TypeConverter.dll" /reference:"C:\Program Files (x86)\Reference Assemblies\Microsoft\Framework\.NETFramework\v4.8\Facades\System.Data.Common.dll" /reference:"C:\Program Files (x86)\Reference Assemblies\Microsoft\Framework\.NETFramework\v4.8\Facades\System.Diagnostics.Contracts.dll" /reference:"C:\Program Files (x86)\Reference Assemblies\Microsoft\Framework\.NETFramework\v4.8\Facades\System.Diagnostics.Debug.dll" /reference:"C:\Program Files (x86)\Reference Assemblies\Microsoft\Framework\.NETFramework\v4.8\Facades\System.Diagnostics.FileVersionInfo.dll" /reference:"C:\Program Files (x86)\Reference Assemblies\Microsoft\Framework\.NETFramework\v4.8\Facades\System.Diagnostics.Process.dll" /reference:"C:\Program Files (x86)\Reference Assemblies\Microsoft\Framework\.NETFramework\v4.8\Facades\System.Diagnostics.StackTrace.dll" /reference:"C:\Program Files (x86)\Reference Assemblies\Microsoft\Framework\.NETFramework\v4.8\Facades\System.Diagnostics.TextWriterTraceListener.dll" /reference:"C:\Program Files (x86)\Reference Assemblies\Microsoft\Framework\.NETFramework\v4.8\Facades\System.Diagnostics.Tools.dll" /reference:"C:\Program Files (x86)\Reference Assemblies\Microsoft\Framework\.NETFramework\v4.8\Facades\System.Diagnostics.TraceSource.dll" /reference:"C:\Program Files (x86)\Reference Assemblies\Microsoft\Framework\.NETFramework\v4.8\Facades\System.Drawing.Primitives.dll" /reference:"C:\Program Files (x86)\Reference Assemblies\Microsoft\Framework\.NETFramework\v4.8\Facades\System.Dynamic.Runtime.dll" /reference:"C:\Program Files (x86)\Reference Assemblies\Microsoft\Framework\.NETFramework\v4.8\Facades\System.Globalization.dll" /reference:"C:\Program Files (x86)\Reference Assemblies\Microsoft\Framework\.NETFramework\v4.8\Facades\System.Globalization.Extensions.dll" /reference:"C:\Program Files (x86)\Reference Assemblies\Microsoft\Framework\.NETFramework\v4.8\Facades\System.IO.FileSystem.DriveInfo.dll" /reference:"C:\Program Files (x86)\Reference Assemblies\Microsoft\Framework\.NETFramework\v4.8\Facades\System.IO.FileSystem.Watcher.dll" /reference:"C:\Program Files (x86)\Reference Assemblies\Microsoft\Framework\.NETFramework\v4.8\Facades\System.IO.IsolatedStorage.dll" /reference:"C:\Program Files (x86)\Reference Assemblies\Microsoft\Framework\.NETFramework\v4.8\Facades\System.IO.MemoryMappedFiles.dll" /reference:"C:\Program Files (x86)\Reference Assemblies\Microsoft\Framework\.NETFramework\v4.8\Facades\System.IO.Pipes.dll" /reference:"C:\Program Files (x86)\Reference Assemblies\Microsoft\Framework\.NETFramework\v4.8\Facades\System.IO.UnmanagedMemoryStream.dll" /reference:"C:\Program Files (x86)\Reference Assemblies\Microsoft\Framework\.NETFramework\v4.8\Facades\System.Linq.Parallel.dll" /reference:"C:\Program Files (x86)\Reference Assemblies\Microsoft\Framework\.NETFramework\v4.8\Facades\System.Linq.Queryable.dll" /reference:"C:\Program Files (x86)\Reference Assemblies\Microsoft\Framework\.NETFramework\v4.8\Facades\System.Net.Http.Rtc.dll" /reference:"C:\Program Files (x86)\Reference Assemblies\Microsoft\Framework\.NETFramework\v4.8\Facades\System.Net.NameResolution.dll" /reference:"C:\Program Files (x86)\Reference Assemblies\Microsoft\Framework\.NETFramework\v4.8\Facades\System.Net.NetworkInformation.dll" /reference:"C:\Program Files (x86)\Reference Assemblies\Microsoft\Framework\.NETFramework\v4.8\Facades\System.Net.Ping.dll" /reference:"C:\Program Files (x86)\Reference Assemblies\Microsoft\Framework\.NETFramework\v4.8\Facades\System.Net.Primitives.dll" /reference:"C:\Program Files (x86)\Reference Assemblies\Microsoft\Framework\.NETFramework\v4.8\Facades\System.Net.Requests.dll" /reference:"C:\Program Files (x86)\Reference Assemblies\Microsoft\Framework\.NETFramework\v4.8\Facades\System.Net.Security.dll" /reference:"C:\Program Files (x86)\Reference Assemblies\Microsoft\Framework\.NETFramework\v4.8\Facades\System.Net.WebHeaderCollection.dll" /reference:"C:\Program Files (x86)\Reference Assemblies\Microsoft\Framework\.NETFramework\v4.8\Facades\System.Net.WebSockets.Client.dll" /reference:"C:\Program Files (x86)\Reference Assemblies\Microsoft\Framework\.NETFramework\v4.8\Facades\System.Net.WebSockets.dll" /reference:"C:\Program Files (x86)\Reference Assemblies\Microsoft\Framework\.NETFramework\v4.8\Facades\System.ObjectModel.dll" /reference:"C:\Program Files (x86)\Reference Assemblies\Microsoft\Framework\.NETFramework\v4.8\Facades\System.Reflection.Emit.dll" /reference:"C:\Program Files (x86)\Reference Assemblies\Microsoft\Framework\.NETFramework\v4.8\Facades\System.Reflection.Emit.ILGeneration.dll" /reference:"C:\Program Files (x86)\Reference Assemblies\Microsoft\Framework\.NETFramework\v4.8\Facades\System.Reflection.Emit.Lightweight.dll" /reference:"C:\Program Files (x86)\Reference Assemblies\Microsoft\Framework\.NETFramework\v4.8\Facades\System.Reflection.Extensions.dll" /reference:"C:\Program Files (x86)\Reference Assemblies\Microsoft\Framework\.NETFramework\v4.8\Facades\System.Reflection.Primitives.dll" /reference:"C:\Program Files (x86)\Reference Assemblies\Microsoft\Framework\.NETFramework\v4.8\Facades\System.Resources.Reader.dll" /reference:"C:\Program Files (x86)\Reference Assemblies\Microsoft\Framework\.NETFramework\v4.8\Facades\System.Resources.ResourceManager.dll" /reference:"C:\Program Files (x86)\Reference Assemblies\Microsoft\Framework\.NETFramework\v4.8\Facades\System.Resources.Writer.dll" /reference:"C:\Program Files (x86)\Reference Assemblies\Microsoft\Framework\.NETFramework\v4.8\Facades\System.Runtime.CompilerServices.VisualC.dll" /reference:"C:\Program Files (x86)\Reference Assemblies\Microsoft\Framework\.NETFramework\v4.8\Facades\System.Runtime.Handles.dll" /reference:"C:\Program Files (x86)\Reference Assemblies\Microsoft\Framework\.NETFramework\v4.8\Facades\System.Runtime.InteropServices.WindowsRuntime.dll" /reference:"C:\Program Files (x86)\Reference Assemblies\Microsoft\Framework\.NETFramework\v4.8\Facades\System.Runtime.Numerics.dll" /reference:"C:\Program Files (x86)\Reference Assemblies\Microsoft\Framework\.NETFramework\v4.8\Facades\System.Runtime.Serialization.Formatters.dll" /reference:"C:\Program Files (x86)\Reference Assemblies\Microsoft\Framework\.NETFramework\v4.8\Facades\System.Runtime.Serialization.Json.dll" /reference:"C:\Program Files (x86)\Reference Assemblies\Microsoft\Framework\.NETFramework\v4.8\Facades\System.Runtime.Serialization.Primitives.dll" /reference:"C:\Program Files (x86)\Reference Assemblies\Microsoft\Framework\.NETFramework\v4.8\Facades\System.Runtime.Serialization.Xml.dll" /reference:"C:\Program Files (x86)\Reference Assemblies\Microsoft\Framework\.NETFramework\v4.8\Facades\System.Security.Claims.dll" /reference:"C:\Program Files (x86)\Reference Assemblies\Microsoft\Framework\.NETFramework\v4.8\Facades\System.Security.Cryptography.Csp.dll" /reference:"C:\Program Files (x86)\Reference Assemblies\Microsoft\Framework\.NETFramework\v4.8\Facades\System.Security.Principal.dll" /reference:"C:\Program Files (x86)\Reference Assemblies\Microsoft\Framework\.NETFramework\v4.8\Facades\System.Security.SecureString.dll" /reference:"C:\Program Files (x86)\Reference Assemblies\Microsoft\Framework\.NETFramework\v4.8\Facades\System.ServiceModel.Duplex.dll" /reference:"C:\Program Files (x86)\Reference Assemblies\Microsoft\Framework\.NETFramework\v4.8\Facades\System.ServiceModel.Http.dll" /reference:"C:\Program Files (x86)\Reference Assemblies\Microsoft\Framework\.NETFramework\v4.8\Facades\System.ServiceModel.NetTcp.dll" /reference:"C:\Program Files (x86)\Reference Assemblies\Microsoft\Framework\.NETFramework\v4.8\Facades\System.ServiceModel.Primitives.dll" /reference:"C:\Program Files (x86)\Reference Assemblies\Microsoft\Framework\.NETFramework\v4.8\Facades\System.ServiceModel.Security.dll" /reference:"C:\Program Files (x86)\Reference Assemblies\Microsoft\Framework\.NETFramework\v4.8\Facades\System.Text.Encoding.dll" /reference:"C:\Program Files (x86)\Reference Assemblies\Microsoft\Framework\.NETFramework\v4.8\Facades\System.Text.Encoding.Extensions.dll" /reference:"C:\Program Files (x86)\Reference Assemblies\Microsoft\Framework\.NETFramework\v4.8\Facades\System.Threading.dll" /reference:"C:\Program Files (x86)\Reference Assemblies\Microsoft\Framework\.NETFramework\v4.8\Facades\System.Threading.Overlapped.dll" /reference:"C:\Program Files (x86)\Reference Assemblies\Microsoft\Framework\.NETFramework\v4.8\Facades\System.Threading.Tasks.dll" /reference:"C:\Program Files (x86)\Reference Assemblies\Microsoft\Framework\.NETFramework\v4.8\Facades\System.Threading.Tasks.Parallel.dll" /reference:"C:\Program Files (x86)\Reference Assemblies\Microsoft\Framework\.NETFramework\v4.8\Facades\System.Threading.Thread.dll" /reference:"C:\Program Files (x86)\Reference Assemblies\Microsoft\Framework\.NETFramework\v4.8\Facades\System.Threading.ThreadPool.dll" /reference:"C:\Program Files (x86)\Reference Assemblies\Microsoft\Framework\.NETFramework\v4.8\Facades\System.Threading.Timer.dll" /reference:"C:\Program Files (x86)\Reference Assemblies\Microsoft\Framework\.NETFramework\v4.8\Facades\System.ValueTuple.dll" /reference:"C:\Program Files (x86)\Reference Assemblies\Microsoft\Framework\.NETFramework\v4.8\Facades\System.Xml.XDocument.dll" /reference:"C:\Program Files (x86)\Reference Assemblies\Microsoft\Framework\.NETFramework\v4.8\Facades\System.Xml.XmlDocument.dll" /reference:"C:\Program Files (x86)\Reference Assemblies\Microsoft\Framework\.NETFramework\v4.8\Facades\System.Xml.XmlSerializer.dll" /reference:"C:\Program Files (x86)\Reference Assemblies\Microsoft\Framework\.NETFramework\v4.8\Facades\System.Xml.XPath.dll" /reference:"C:\Program Files (x86)\Reference Assemblies\Microsoft\Framework\.NETFramework\v4.8\Facades\System.Xml.XPath.XDocument.dll" /debug+ /debug:portable /filealign:512 /optimize- /out:obj\Debug\net48\PiNodeMonitorWinForm.exe /subsystemversion:6.00 /resource:obj\Debug\net48\PiNodeMonitorWinForm.Form1.resources /resource:obj\Debug\net48\PiNodeMonitorWinForm.Properties.Resources.resources /resource:app.ico,PiNodeMonitorWinForm.app.ico /resource:costura64\GurupiaCapture.Core.dll,PiNodeMonitorWinForm.costura64.GurupiaCapture.Core.dll /target:winexe /warnaserror- /utf8output /win32icon:app.ico /deterministic+ /sourcelink:obj\Debug\net48\PiNodeMonitorWinForm.sourcelink.json /langversion:latest /analyzerconfig:obj\Debug\net48\PiNodeMonitorWinForm.GeneratedMSBuildEditorConfig.editorconfig ExternalToolsSettingsForm.cs Form1.cs Form1.Designer.cs HelpForm.cs HistoryForm.cs MobileServer.cs MultiMonitorForm.cs NativeCapture.cs NodeUtility.cs Program.cs Properties\Resources.Designer.cs QRForm.cs RemoteViewForm.cs Services\BonusService.cs Services\CloudflareTunnelService.cs Services\ExternalTools\ExternalToolService.cs Services\NodeMonitorService.cs Services\Sms\ISmsProvider.cs Services\Sms\SmsConfigModel.cs Services\Sms\SmsService.cs Services\Sms\SolapiSmsProvider.cs Services\Sms\TwilioProvider.cs Services\TelegramBotService.cs Services\WalletService.cs SetupWizardForm.cs SmsSettingsForm.cs "obj\Debug\net48\.NETFramework,Version=v4.8.AssemblyAttributes.cs" obj\Debug\net48\PiNodeMonitorWinForm.AssemblyInfo.cs /warnaserror+:NU1605'
  Attempt to open named pipe 'YvZN0K4EVYlvU+wBezkDNseNzdceZ1JvhHrNdAF5HZo'
  Attempt to connect named pipe 'YvZN0K4EVYlvU+wBezkDNseNzdceZ1JvhHrNdAF5HZo'
  Named pipe 'YvZN0K4EVYlvU+wBezkDNseNzdceZ1JvhHrNdAF5HZo' connected
  Begin writing request for PiNodeMonitorWinForm (net48)
  End writing request for PiNodeMonitorWinForm (net48)
  Begin reading response for PiNodeMonitorWinForm (net48)
  End reading response for PiNodeMonitorWinForm (net48)
F:\repos\CSharp\PiDesktop_054\pi-network-desktop\resources\app.asar-repack\PiNodeMonitorWinForm\Form1.cs(916,34): warning CS8632: nullable 李몄“ ?뺤떇?????二쇱꽍? 肄붾뱶?먯꽌 '#nullable' 二쇱꽍 而⑦뀓?ㅽ듃 ?댁뿉留??ъ슜?섏뼱???⑸땲?? [F:\repos\CSharp\PiDesktop_054\pi-network-desktop\resources\app.asar-repack\PiNodeMonitorWinForm\PiNodeMonitorWinForm.csproj]
F:\repos\CSharp\PiDesktop_054\pi-network-desktop\resources\app.asar-repack\PiNodeMonitorWinForm\RemoteViewForm.cs(67,13): warning CS4014: ???몄텧???湲곕릺吏 ?딆쑝誘濡??몄텧???꾨즺?섍린 ?꾩뿉 ?꾩옱 硫붿꽌?쒓? 怨꾩냽 ?ㅽ뻾?⑸땲?? ?몄텧 寃곌낵??'await' ?곗궛?먮? ?곸슜??蹂댁꽭?? [F:\repos\CSharp\PiDesktop_054\pi-network-desktop\resources\app.asar-repack\PiNodeMonitorWinForm\PiNodeMonitorWinForm.csproj]
F:\repos\CSharp\PiDesktop_054\pi-network-desktop\resources\app.asar-repack\PiNodeMonitorWinForm\Form1.cs(416,17): warning CS4014: ???몄텧???湲곕릺吏 ?딆쑝誘濡??몄텧???꾨즺?섍린 ?꾩뿉 ?꾩옱 硫붿꽌?쒓? 怨꾩냽 ?ㅽ뻾?⑸땲?? ?몄텧 寃곌낵??'await' ?곗궛?먮? ?곸슜??蹂댁꽭?? [F:\repos\CSharp\PiDesktop_054\pi-network-desktop\resources\app.asar-repack\PiNodeMonitorWinForm\PiNodeMonitorWinForm.csproj]
  CompilerServer: server - server processed compilation - PiNodeMonitorWinForm (net48)
FodyTarget:
  Fody: Fody (version 6.6.4.0 @ file:///C:/Users/gurupia/.nuget/packages/fody/6.6.4/netclassictask/Fody.dll) Executing
    Fody/Costura: Executing weaver Costura v5.7.0
    Fody/Costura: Costura.Fody v5.7.0
    Fody/Costura: 	Including references
    Fody/Costura: 		Embedding 'C:\Users\gurupia\.nuget\packages\costura.fody\5.7.0\lib\netstandard1.0\Costura.dll'
    Fody/Costura: 			Reusing cached file at 'F:\repos\CSharp\PiDesktop_054\pi-network-desktop\resources\app.asar-repack\PiNodeMonitorWinForm\obj\Debug\net48\Costura\F1F25C01F6ACF33BDD62C4F82D3EF078E76F0906.costura.costura.dll.compressed.compressed'
    Fody/Costura: 		Embedding 'C:\Users\gurupia\.nuget\packages\costura.fody\5.7.0\lib\netstandard1.0\Costura.pdb'
    Fody/Costura: 			Reusing cached file at 'F:\repos\CSharp\PiDesktop_054\pi-network-desktop\resources\app.asar-repack\PiNodeMonitorWinForm\obj\Debug\net48\Costura\6C6000A5EAF8579850AB82A89BD6268776EB51AD.costura.costura.pdb.compressed.compressed'
    Fody/Costura: 		Embedding 'C:\Users\gurupia\.nuget\packages\newtonsoft.json\13.0.3\lib\net45\Newtonsoft.Json.dll'
    Fody/Costura: 			Reusing cached file at 'F:\repos\CSharp\PiDesktop_054\pi-network-desktop\resources\app.asar-repack\PiNodeMonitorWinForm\obj\Debug\net48\Costura\1E76E6099570EDE620B76ED47CF8D03A936D49F8.costura.newtonsoft.json.dll.compressed.compressed'
    Fody/Costura: 		Embedding 'C:\Users\gurupia\.nuget\packages\qrcoder\1.4.3\lib\net40\QRCoder.dll'
    Fody/Costura: 			Reusing cached file at 'F:\repos\CSharp\PiDesktop_054\pi-network-desktop\resources\app.asar-repack\PiNodeMonitorWinForm\obj\Debug\net48\Costura\8EF2B8F984216A04769BB4F99F936961C46196A5.costura.qrcoder.dll.compressed.compressed'
    Fody/Costura: 		Embedding 'C:\Users\gurupia\.nuget\packages\system.diagnostics.diagnosticsource\4.3.0\lib\net46\System.Diagnostics.DiagnosticSource.dll'
    Fody/Costura: 			Reusing cached file at 'F:\repos\CSharp\PiDesktop_054\pi-network-desktop\resources\app.asar-repack\PiNodeMonitorWinForm\obj\Debug\net48\Costura\85DC92EDD4B0049ED9049E075C4DEF8A3D64E43B.costura.system.diagnostics.diagnosticsource.dll.compressed.compressed'
  Fody: Finished Fody 449ms.
_CopyAppConfigFile:
  "F:\repos\CSharp\PiDesktop_054\pi-network-desktop\resources\app.asar-repack\PiNodeMonitorWinForm\obj\Debug\net48\PiNodeMonitorWinForm.exe.withSupportedRuntime.config"?먯꽌 "F:\repos\CSharp\PiDesktop_054\pi-network-desktop\resources\app.asar-repack\PiNodeMonitorWinForm\bin\Debug\net48\PiNodeMonitorWinForm.exe.config"(??濡??뚯씪??蹂듭궗?섍퀬 ?덉뒿?덈떎.
CopyFilesToOutputDirectory:
  "F:\repos\CSharp\PiDesktop_054\pi-network-desktop\resources\app.asar-repack\PiNodeMonitorWinForm\obj\Debug\net48\PiNodeMonitorWinForm.exe"?먯꽌 "F:\repos\CSharp\PiDesktop_054\pi-network-desktop\resources\app.asar-repack\PiNodeMonitorWinForm\bin\Debug\net48\PiNodeMonitorWinForm.exe"(??濡??뚯씪??蹂듭궗?섍퀬 ?덉뒿?덈떎.
  PiNodeMonitorWinForm -> F:\repos\CSharp\PiDesktop_054\pi-network-desktop\resources\app.asar-repack\PiNodeMonitorWinForm\bin\Debug\net48\PiNodeMonitorWinForm.exe
  "F:\repos\CSharp\PiDesktop_054\pi-network-desktop\resources\app.asar-repack\PiNodeMonitorWinForm\obj\Debug\net48\PiNodeMonitorWinForm.pdb"?먯꽌 "F:\repos\CSharp\PiDesktop_054\pi-network-desktop\resources\app.asar-repack\PiNodeMonitorWinForm\bin\Debug\net48\PiNodeMonitorWinForm.pdb"(??濡??뚯씪??蹂듭궗?섍퀬 ?덉뒿?덈떎.
FodyVerifyTarget:
  Fody:   Skipped Verifying assembly since it is disabled in configuration
"F:\repos\CSharp\PiDesktop_054\pi-network-desktop\resources\app.asar-repack\PiNodeMonitorWinForm\PiNodeMonitorWinForm.csproj" ?꾨줈?앺듃瑜?鍮뚮뱶?덉뒿?덈떎(Rebuild ???.

鍮뚮뱶?덉뒿?덈떎.

"F:\repos\CSharp\PiDesktop_054\pi-network-desktop\resources\app.asar-repack\PiNodeMonitorWinForm\PiNodeMonitorWinForm.csproj"(Rebuild ???(1) ->
(CoreCompile ??? -> 
  F:\repos\CSharp\PiDesktop_054\pi-network-desktop\resources\app.asar-repack\PiNodeMonitorWinForm\Form1.cs(916,34): warning CS8632: nullable 李몄“ ?뺤떇?????二쇱꽍? 肄붾뱶?먯꽌 '#nullable' 二쇱꽍 而⑦뀓?ㅽ듃 ?댁뿉留??ъ슜?섏뼱???⑸땲?? [F:\repos\CSharp\PiDesktop_054\pi-network-desktop\resources\app.asar-repack\PiNodeMonitorWinForm\PiNodeMonitorWinForm.csproj]
  F:\repos\CSharp\PiDesktop_054\pi-network-desktop\resources\app.asar-repack\PiNodeMonitorWinForm\RemoteViewForm.cs(67,13): warning CS4014: ???몄텧???湲곕릺吏 ?딆쑝誘濡??몄텧???꾨즺?섍린 ?꾩뿉 ?꾩옱 硫붿꽌?쒓? 怨꾩냽 ?ㅽ뻾?⑸땲?? ?몄텧 寃곌낵??'await' ?곗궛?먮? ?곸슜??蹂댁꽭?? [F:\repos\CSharp\PiDesktop_054\pi-network-desktop\resources\app.asar-repack\PiNodeMonitorWinForm\PiNodeMonitorWinForm.csproj]
  F:\repos\CSharp\PiDesktop_054\pi-network-desktop\resources\app.asar-repack\PiNodeMonitorWinForm\Form1.cs(416,17): warning CS4014: ???몄텧???湲곕릺吏 ?딆쑝誘濡??몄텧???꾨즺?섍린 ?꾩뿉 ?꾩옱 硫붿꽌?쒓? 怨꾩냽 ?ㅽ뻾?⑸땲?? ?몄텧 寃곌낵??'await' ?곗궛?먮? ?곸슜??蹂댁꽭?? [F:\repos\CSharp\PiDesktop_054\pi-network-desktop\resources\app.asar-repack\PiNodeMonitorWinForm\PiNodeMonitorWinForm.csproj]

    寃쎄퀬 3媛?
    ?ㅻ쪟 0媛?

寃쎄낵 ?쒓컙: 00:00:01.30
